exports[`<FlowDesigner /> render defs if svgDefs is provided 1`] = `
<svg
  onClick={undefined}
  width="100%">
  <defs>
    <filter
      height="150%"
      id="drop-shadow"
      width="150%">
      <feOffset
        dx="0.4"
        dy="0.4"
        in="SourceAlpha"
        result="offOut" />
      <feGaussianBlur
        in="offOut"
        result="blurOut"
        stdDeviation="0.1" />
      <feComponentTransfer
        in="blurOut"
        result="opacityShadow">
        <feFuncA
          slope="0.2"
          type="linear" />
      </feComponentTransfer>
      <feBlend
        in="SourceGraphic"
        in2="opacityShadow"
        mode="normal" />
    </filter>
  </defs>
</svg>
`;

exports[`<FlowDesigner /> renders correctly 1`] = `
<svg
  onClick={undefined}
  width="100%" />
`;
